10:19:20 **** Incremental Build of configuration Default for project Procedural Command Test Base ****
make all 
CC -I../include -I../src Drive.c
CC -I../include -I../src DriveForTime.c
CC -I../include -I../src OI.c
CC -I../include -I../src PantherMotor.c
CC -I../include -I../src Utilities.c
CC -I../include -I../src auto.c
auto.c: In function 'autonomousInit':
auto.c:59:17: warning: unused variable 'autonomousInfo' [-Wunused-variable]
CC -I../include -I../src init.c
CC -I../include -I../src opcontrol.c
LN ./bin/Drive.o ./bin/DriveForTime.o ./bin/OI.o ./bin/PantherMotor.o ./bin/Utilities.o ./bin/auto.o ./bin/init.o ./bin/opcontrol.o ./firmware/libccos.a -lgcc -lm to bin/output.elf
   text	   data	    bss	    dec	    hex	filename
  12220	      4	   3908	  16132	   3f04	./bin/output.elf
arm-none-eabi-objcopy ./bin/output.elf -O binary ./bin/output.bin
