17:04:50 **** Incremental Build of configuration Default for project 24 Inch Worlds ****
make all 
CC -I../include -I../src Lift.c
LN ./bin/Drive.o ./bin/DriveToWayPoint.o ./bin/Lift.o ./bin/OI.o ./bin/PantherMotor.o ./bin/Pickup.o ./bin/Pot.o ./bin/Spinner.o ./bin/Utilities.o ./bin/auto.o ./bin/init.o ./bin/opcontrol.o ./firmware/libccos.a -lgcc -lm to bin/output.elf
   text	   data	    bss	    dec	    hex	filename
  16368	      4	   3948	  20320	   4f60	./bin/output.elf
arm-none-eabi-objcopy ./bin/output.elf -O binary ./bin/output.bin
17:12:53 **** Incremental Build of configuration Default for project 24 Inch Worlds ****
make all 
CC -I../include -I../src Lift.c
LN ./bin/Drive.o ./bin/DriveToWayPoint.o ./bin/Lift.o ./bin/OI.o ./bin/PantherMotor.o ./bin/Pickup.o ./bin/Pot.o ./bin/Spinner.o ./bin/Utilities.o ./bin/auto.o ./bin/init.o ./bin/opcontrol.o ./firmware/libccos.a -lgcc -lm to bin/output.elf
   text	   data	    bss	    dec	    hex	filename
  16344	      4	   3948	  20296	   4f48	./bin/output.elf
arm-none-eabi-objcopy ./bin/output.elf -O binary ./bin/output.bin
17:16:20 **** Incremental Build of configuration Default for project 24 Inch Worlds ****
make all 
CC -I../include -I../src Lift.c
CC -I../include -I../src Pickup.c
Pickup.c: In function 'runPickup':
Pickup.c:24:6: warning: 'leftSpeed' is used uninitialized in this function [-Wuninitialized]
Pickup.c:25:6: warning: 'rightSpeed' is used uninitialized in this function [-Wuninitialized]
LN ./bin/Drive.o ./bin/DriveToWayPoint.o ./bin/Lift.o ./bin/OI.o ./bin/PantherMotor.o ./bin/Pickup.o ./bin/Pot.o ./bin/Spinner.o ./bin/Utilities.o ./bin/auto.o ./bin/init.o ./bin/opcontrol.o ./firmware/libccos.a -lgcc -lm to bin/output.elf
   text	   data	    bss	    dec	    hex	filename
  16360	      4	   3948	  20312	   4f58	./bin/output.elf
arm-none-eabi-objcopy ./bin/output.elf -O binary ./bin/output.bin
17:18:19 **** Incremental Build of configuration Default for project 24 Inch Worlds ****
make all 
CC -I../include -I../src Lift.c
LN ./bin/Drive.o ./bin/DriveToWayPoint.o ./bin/Lift.o ./bin/OI.o ./bin/PantherMotor.o ./bin/Pickup.o ./bin/Pot.o ./bin/Spinner.o ./bin/Utilities.o ./bin/auto.o ./bin/init.o ./bin/opcontrol.o ./firmware/libccos.a -lgcc -lm to bin/output.elf
   text	   data	    bss	    dec	    hex	filename
  16360	      4	   3948	  20312	   4f58	./bin/output.elf
arm-none-eabi-objcopy ./bin/output.elf -O binary ./bin/output.bin
17:29:53 **** Incremental Build of configuration Default for project 24 Inch Worlds ****
make all 
make[1]: Nothing to be done for `all'.
17:30:06 **** Incremental Build of configuration Default for project 24 Inch Worlds ****
make all 
make[1]: Nothing to be done for `all'.
17:31:30 **** Incremental Build of configuration Default for project 24 Inch Worlds ****
make all 
make[1]: Nothing to be done for `all'.
17:32:49 **** Incremental Build of configuration Default for project 24 Inch Worlds ****
make all 
CC -I../include -I../src Pickup.c
LN ./bin/Drive.o ./bin/DriveToWayPoint.o ./bin/Lift.o ./bin/OI.o ./bin/PantherMotor.o ./bin/Pickup.o ./bin/Pot.o ./bin/Spinner.o ./bin/Utilities.o ./bin/auto.o ./bin/init.o ./bin/opcontrol.o ./firmware/libccos.a -lgcc -lm to bin/output.elf
   text	   data	    bss	    dec	    hex	filename
  16360	      4	   3948	  20312	   4f58	./bin/output.elf
arm-none-eabi-objcopy ./bin/output.elf -O binary ./bin/output.bin
