19:30:29 **** Incremental Build of configuration Default for project Proto_Autonomous ****
make all 
make[1]: Nothing to be done for `all'.
19:30:41 **** Incremental Build of configuration Default for project Proto_Autonomous ****
make all 
make[1]: Nothing to be done for `all'.
19:31:36 **** Incremental Build of configuration Default for project Proto_Autonomous ****
make all 
make[1]: Nothing to be done for `all'.
19:38:18 **** Incremental Build of configuration Default for project Proto_Autonomous ****
make all 
make[1]: Nothing to be done for `all'.
19:38:53 **** Incremental Build of configuration Default for project Proto_Autonomous ****
make all 
make[1]: Nothing to be done for `all'.
19:43:43 **** Build of configuration Default for project Proto_Teleop ****
make all 
CC -I../include -I../src auto.c
CC -I../include -I../src init.c
CC -I../include -I../src opcontrol.c
opcontrol.c: In function 'operatorControl':
opcontrol.c:81:8: warning: unused variable 'liftSpeed' [-Wunused-variable]
LN ./bin/auto.o ./bin/init.o ./bin/opcontrol.o ./firmware/libccos.a -lgcc -lm to bin/output.elf
   text	   data	    bss	    dec	    hex	filename
  12204	      0	   3840	  16044	   3eac	./bin/output.elf
arm-none-eabi-objcopy ./bin/output.elf -O binary ./bin/output.bin
20:22:08 **** Incremental Build of configuration Default for project Proto_Teleop ****
make all 
make[1]: Nothing to be done for `all'.
