19:04:50 **** Incremental Build of configuration Default for project Procedural Command Test Base ****
make all 
CC -I../include -I../src auto.c
CC -I../include -I../src init.c
init.c: In function 'initialize':
init.c:77:17: warning: unused variable 'autonomousInfo' [-Wunused-variable]
CC -I../include -I../src opcontrol.c
LN ./bin/Drive.o ./bin/DriveForTime.o ./bin/DriveTestMotor.o ./bin/OI.o ./bin/PantherMotor.o ./bin/TestMotor.o ./bin/Utilities.o ./bin/auto.o ./bin/init.o ./bin/opcontrol.o ./firmware/libccos.a -lgcc -lm to bin/output.elf
   text	   data	    bss	    dec	    hex	filename
  15172	      4	   3892	  19068	   4a7c	./bin/output.elf
arm-none-eabi-objcopy ./bin/output.elf -O binary ./bin/output.bin
19:06:48 **** Incremental Build of configuration Default for project Procedural Command Test Base ****
make all 
make[1]: Nothing to be done for `all'.
19:07:08 **** Incremental Build of configuration Default for project Procedural Command Test Base ****
make all 
make[1]: Nothing to be done for `all'.
19:08:27 **** Incremental Build of configuration Default for project Procedural Command Test Base ****
make all 
make[1]: Nothing to be done for `all'.
19:09:02 **** Incremental Build of configuration Default for project Procedural Command Test Base ****
make all 
make[1]: Nothing to be done for `all'.
19:09:47 **** Incremental Build of configuration Default for project Procedural Command Test Base ****
make all 
make[1]: Nothing to be done for `all'.
