17:19:11 **** Build of configuration Default for project Simple_Teleop ****
make all 
CC -I../include -I../src auto.c
CC -I../include -I../src init.c
CC -I../include -I../src opcontrol.c
opcontrol.c: In function 'operatorControl':
opcontrol.c:76:6: warning: unused variable 'driveY' [-Wunused-variable]
opcontrol.c:75:6: warning: unused variable 'driveX' [-Wunused-variable]
LN ./bin/auto.o ./bin/init.o ./bin/opcontrol.o ./firmware/libccos.a -lgcc -lm to bin/output.elf
   text	   data	    bss	    dec	    hex	filename
  17728	      0	   4248	  21976	   55d8	./bin/output.elf
arm-none-eabi-objcopy ./bin/output.elf -O binary ./bin/output.bin

17:19:15 Build Finished (took 4s.23ms)

